// Jest Snapshot v1, https://goo.gl/fbAQLP

exports[`CodeInfoBox should match snapshot 1`] = `<DocumentFragment />`;
