// Jest Snapshot v1, https://goo.gl/fbAQLP

exports[`NotificationBanner should match empty snapshot initiali 1`] = `<DocumentFragment />`;

exports[`NotificationBanner should match full notification snapshot 1`] = `
<DocumentFragment>
  <div
    class="banner bg-mockType2 flex items-center fixed w-full z-50 top-0 text-white"
  >
    <p
      class="banner__text mx-auto text-center"
    >
      mockNotificationText2
    </p>
    <button
      class="banner__close absolute right-30 cursor-pointer top-half"
      data-testid="closeNotification"
    >
      âœ•
    </button>
  </div>
</DocumentFragment>
`;

exports[`NotificationBanner should show up then hide notification after close button was clicked 1`] = `<DocumentFragment />`;
