// Jest Snapshot v1, https://goo.gl/fbAQLP

exports[`Stepper should match snapshot 1`] = `
<DocumentFragment>
  <div
    class="stepper flex relative mx-auto mt-6"
  >
    <div
      class="w-1/3 text-center z-20"
    >
      <div
        class="circle bg-gullGray cursor-pointer rounded-full bg-botticelli relative mx-auto"
        data-testid="stepBoxCircle"
      >
        <div
          class="circle__inside bg-white top-half left-half absolute rounded-full"
          data-testid="stepBoxDot"
        />
      </div>
      <div>
        <p
          class="circle__text uppercase font-bold mt-3"
        >
          Krok 1
        </p>
        <p
          class="circle__text uppercase font-bold"
        >
          Wybierz Drzwi
        </p>
      </div>
    </div>
    <div
      class="stepper__line border-b border-mercury absolute z-10 left-half"
    />
  </div>
</DocumentFragment>
`;
