// Jest Snapshot v1, https://goo.gl/fbAQLP

exports[`LanguageSwitcher should render without errors 1`] = `
<DocumentFragment>
  <div
    class="flex"
  >
    <p
      class="select__label mr-5"
    >
      Wybierz jÄ™zyk:
    </p>
    <div
      class="select__wrapper relative relative mt-lg"
    >
      <svg
        aria-hidden="true"
        class="svg-inline--fa fa-chevron-down fa-w-14 select__arrow absolute right-10"
        data-icon="chevron-down"
        data-prefix="fas"
        focusable="false"
        role="img"
        viewBox="0 0 448 512"
        xmlns="http://www.w3.org/2000/svg"
      >
        <path
          d="M207.029 381.476L12.686 187.132c-9.373-9.373-9.373-24.569 0-33.941l22.667-22.667c9.357-9.357 24.522-9.375 33.901-.04L224 284.505l154.745-154.021c9.379-9.335 24.544-9.317 33.901.04l22.667 22.667c9.373 9.373 9.373 24.569 0 33.941L240.971 381.476c-9.373 9.372-24.569 9.372-33.942 0z"
          fill="currentColor"
        />
      </svg>
      <select
        class="select h-full w-full pl-3 border border-gullGray rounded bg-white outline-none"
        data-testid="select"
      >
        <option
          value="pl"
        >
          Polski
        </option>
        <option
          value="en"
        >
          Angielski
        </option>
      </select>
    </div>
  </div>
</DocumentFragment>
`;
